// Jest Snapshot v1, https://goo.gl/fbAQLP

exports[`.not.toBeLeft() fails when object is a left 1`] = `
"expect(received).not.toBeLeft()

Expected Either not to be left, received left."
`;

exports[`.toBeLeft() fails when object is a right 1`] = `
"expect(received).toBeLeft()

Expected Either to be left, received right."
`;
