// Jest Snapshot v1, https://goo.gl/fbAQLP

exports[`.not.toMatchRight() fails when object matches the right 1`] = `
"[2mexpect([22m[31mreceived[39m[2m).not.toMatchRight([22m[32mrightMatch[39m[2m)[22m

Expected Either not to match right:
  [31m{\\"a\\": 1}[39m

Received right:
  [31m{\\"a\\": 1, \\"b\\": 2}[39m"
`;

exports[`.toMatchRight() fails when object does not match the left 1`] = `
"[2mexpect([22m[31mreceived[39m[2m).toMatchRight([22m[32mrightMatch[39m[2m)[22m

Expected Either to match right:
  [31m{\\"a\\": 2}[39m

Received right:
  [31m{\\"a\\": 1}[39m"
`;

exports[`.toMatchRight() fails when object is a left 1`] = `
"[2mexpect([22m[31mreceived[39m[2m).toMatchRight([22m[32mrightMatch[39m[2m)[22m

Expected Either to match right:
  [31m{\\"a\\": 1}[39m

Received left."
`;
